<html>
<body>
<pre>
<h1>µVision Build Log</h1>
<h2>Tool Versions:</h2>
IDE-Version: µVision V5.30.0.0
Copyright (C) 2020 ARM Ltd and ARM Germany GmbH. All rights reserved.
License Information: Alexandr Bondarchuk, NA, LIC=----
 
Tool Versions:
Toolchain:       MDK-Lite  Version: 5.30.0.0
Toolchain Path:  C:\Keil_v5\ARM\ARMCC\Bin
C Compiler:      Armcc.exe V5.06 update 6 (build 750)
Assembler:       Armasm.exe V5.06 update 6 (build 750)
Linker/Locator:  ArmLink.exe V5.06 update 6 (build 750)
Library Manager: ArmAr.exe V5.06 update 6 (build 750)
Hex Converter:   FromElf.exe V5.06 update 6 (build 750)
CPU DLL:         SARMCM3.DLL V5.30.0.0
Dialog DLL:      DCM.DLL V1.17.3.0
Target DLL:      STLink\ST-LINKIII-KEIL_SWO.dll V3.0.7.0
Dialog DLL:      TCM.DLL V1.42.0.0
 
<h2>Project:</h2>
D:\STM32_Files\project\MotorControl\MotorControl.uvprojx
Project File Date:  10/18/2020

<h2>Output:</h2>
*** Using Compiler 'V5.06 update 6 (build 750)', folder: 'C:\Keil_v5\ARM\ARMCC\Bin'
Build target 'MotorControl'
compiling MotorControl.c...
.\Lib\inc\bsp.h(17): warning:  #1-D: last line of file ends without a newline
  #endif
.\Lib\inc\bsp.h(17): warning:  #1-D: last line of file ends without a newline
  #endif
Lib\src\MotorControl.c(77): warning:  #188-D: enumerated type mixed with another type
  	return frame->payload[0];
Lib\src\MotorControl.c(70): warning:  #177-D: variable "speed"  was declared but never referenced
  	int32_t speed;
Lib\src\MotorControl.c(89): warning:  #188-D: enumerated type mixed with another type
  	return frame->payload[0];
Lib\src\MotorControl.c(101): warning:  #188-D: enumerated type mixed with another type
  	return frame->payload[0];
Lib\src\MotorControl.c(114): warning:  #188-D: enumerated type mixed with another type
  	return frame->payload[0];
Lib\src\MotorControl.c(107): warning:  #177-D: variable "speed"  was declared but never referenced
  	int32_t speed;
Lib\src\MotorControl.c(127): warning:  #188-D: enumerated type mixed with another type
  	return frame->payload[0];
Lib\src\MotorControl.c(128): warning:  #1-D: last line of file ends without a newline
  }
Lib\src\MotorControl.c(120): warning:  #177-D: variable "speed"  was declared but never referenced
  	int32_t speed;
Lib\src\MotorControl.c: 11 warnings, 0 errors
compiling main.c...
.\Lib\inc\rcc.h(9): warning:  #1-D: last line of file ends without a newline
  #endif
.\Lib\inc\bsp.h(17): warning:  #1-D: last line of file ends without a newline
  #endif
.\Lib\inc\bsp.h(17): warning:  #1-D: last line of file ends without a newline
  #endif
.\Lib\inc\encoder.h(9): warning:  #1-D: last line of file ends without a newline
  #endif
.\Code\inc\main.h(33): warning:  #1-D: last line of file ends without a newline
  #endif
Code\src\main.c: 5 warnings, 0 errors
linking...
Program Size: Code=3596 RO-data=440 RW-data=52 ZI-data=1892  
".\Objects\MotorControl.axf" - 0 Error(s), 16 Warning(s).

<h2>Software Packages used:</h2>

Package Vendor: ARM
                http://www.keil.com/pack/ARM.CMSIS.5.7.0.pack
                ARM.CMSIS.5.7.0
                CMSIS (Cortex Microcontroller Software Interface Standard)
   * Component: CORE Version: 5.4.0

Package Vendor: Keil
                http://www.keil.com/pack/Keil.STM32F4xx_DFP.2.14.0.pack
                Keil.STM32F4xx_DFP.2.14.0
                STMicroelectronics STM32F4 Series Device Support, Drivers and Examples
   * Component: Startup Version: 2.6.3

<h2>Collection of Component include folders:</h2>
  .\RTE\_MotorControl
  C:\Users\ba123\AppData\Local\Arm\Packs\ARM\CMSIS\5.7.0\CMSIS\Core\Include
  C:\Users\ba123\AppData\Local\Arm\Packs\Keil\STM32F4xx_DFP\2.14.0\Drivers\CMSIS\Device\ST\STM32F4xx\Include

<h2>Collection of Component Files used:</h2>

   * Component: ARM::CMSIS:CORE:5.4.0

   * Component: Keil::Device:Startup:2.6.3
      Source file:   Drivers\CMSIS\Device\ST\STM32F4xx\Source\Templates\arm\startup_stm32f411xe.s
      Source file:   MDK\Device\Source\ARM\STM32F4xx_OTP.s
      Source file:   MDK\Device\Source\ARM\STM32F411xx_OPT.s
      Include file:  Drivers\CMSIS\Device\ST\STM32F4xx\Include\stm32f4xx.h
      Source file:   Drivers\CMSIS\Device\ST\STM32F4xx\Source\Templates\system_stm32f4xx.c
Build Time Elapsed:  00:00:00
</pre>
</body>
</html>
